{"message":"Key: 'UserName' Error:Field validation for 'UserName' failed on the 'required' tag\nKey: 'Password' Error:Field validation for 'Password' failed on the 'required' tag"}