{
    "user_name": "test_user03",
    "password": "pass03"
}