{
    "user_name": "test_user01",
    "password": "pass01"
}